// Jest Snapshot v1, https://goo.gl/fbAQLP

exports[`Pruebas para CounterApp Debe mostrar el valor por defecto de CounterApp 1`] = `
<Fragment>
  <h1>
    CounterApp
  </h1>
  <h2
    id="counter"
  >
     
    100
     
  </h2>
  <button
    onClick={[Function]}
  >
    +1
  </button>
  <button
    onClick={[Function]}
  >
    -1
  </button>
  <button
    onClick={[Function]}
  >
    Reset
  </button>
</Fragment>
`;
